// Jest Snapshot v1, https://goo.gl/fbAQLP

exports[`ListItem shoud render wrapper 1`] = `
<ListItem
  item={
    Object {
      "completed": false,
      "favorite": false,
      "id": 50,
      "title": "Hi from test",
    }
  }
  onItemDelete={[MockFunction]}
  onItemFavorite={[MockFunction]}
  onItemToggle={[MockFunction]}
  onUpdate={[MockFunction]}
>
  <div
    className="listItem__wrapper"
  >
    <span
      className="listItem__menu--title"
      onClick={[Function]}
    >
      ...
    </span>
    <div
      className="listItem"
      onClick={[Function]}
    >
      <div>
        <div>
          <h2
            className="listItem__title"
          >
            Hi from test
             
          </h2>
        </div>
        <div
          className="listItem__menu"
        />
      </div>
      <div
        className="listItem___button--favorite"
        onClick={[Function]}
      >
         
        <FaStar>
          <IconBase
            attr={
              Object {
                "viewBox": "0 0 576 512",
              }
            }
          >
            <svg
              fill="currentColor"
              height="1em"
              stroke="currentColor"
              strokeWidth="0"
              style={
                Object {
                  "color": undefined,
                }
              }
              viewBox="0 0 576 512"
              width="1em"
              xmlns="http://www.w3.org/2000/svg"
            >
              <path
                d="M259.3 17.8L194 150.2 47.9 171.5c-26.2 3.8-36.7 36.1-17.7 54.6l105.7 103-25 145.5c-4.5 26.3 23.2 46 46.4 33.7L288 439.6l130.7 68.7c23.2 12.2 50.9-7.4 46.4-33.7l-25-145.5 105.7-103c19-18.5 8.5-50.8-17.7-54.6L382 150.2 316.7 17.8c-11.7-23.6-45.6-23.9-57.4 0z"
                key="0"
              />
            </svg>
          </IconBase>
        </FaStar>
      </div>
    </div>
  </div>
</ListItem>
`;
